============================= test session starts =============================
platform win32 -- Python 3.13.7, pytest-9.0.2, pluggy-1.6.0
rootdir: C:\Users\shubh\programming\guvi-hcl\honeypot-agent
plugins: anyio-4.12.1, langsmith-0.6.4, asyncio-1.3.0
asyncio: mode=Mode.STRICT, debug=False, asyncio_default_fixture_loop_scope=None, asyncio_default_test_loop_scope=function
collected 6 items

tests\test_api.py .F.EEE                                                 [100%]

=================================== ERRORS ====================================
__________________ ERROR at setup of test_scam_detected_flow __________________
file C:\Users\shubh\programming\guvi-hcl\honeypot-agent\tests\test_api.py, line 27
  @pytest.mark.asyncio
  async def test_scam_detected_flow(mock_openai_client, sample_first_message_payload, mocker):
      mock_client, mock_message_obj = mock_openai_client

      # 1. Mock Scam Detector response
      # It calls LLM and expects JSON
      scam_response = json.dumps({"is_scam": True})

      # 2. Mock Agent response
      agent_response = "Oh no! Why blocked?"

      # 3. We need carefully sequenced side_effects because multiple services call the SAME mocked client
      # Calls:
      # 1) ScamDetector -> detect()
      # 2) AgentEngine -> generate_reply()
      # 3) IntelligenceExtractor -> extract()

      # Let's verify logic by patching the service methods directly to avoid complex mock chains
      mocker.patch("app.services.scam_detector.ScamDetector.detect", return_value=True)
      mocker.patch("app.services.agent_engine.AgentEngine.generate_reply", return_value=agent_response)
      mocker.patch("app.services.intelligence_extractor.IntelligenceExtractor.extract", return_value={})
      mock_report = mocker.patch("app.services.reporting.ReportingService.report")

      response = client.post(
          "/chat",
          json=sample_first_message_payload,
          headers={"x-api-key": "test-secret-key"}
      )

      assert response.status_code == 200
      data = response.json()
      assert data["status"] == "success"
      assert data["reply"] == agent_response

      # Reporting shouldn't be called for just one message unless intel found (mocked empty)
      mock_report.assert_not_called()
file C:\Users\shubh\programming\guvi-hcl\honeypot-agent\tests\conftest.py, line 16
  @pytest.fixture
  def mock_openai_client(mocker):
E       fixture 'mocker' not found
>       available fixtures: _class_scoped_runner, _function_scoped_runner, _module_scoped_runner, _package_scoped_runner, _session_scoped_runner, anyio_backend, anyio_backend_name, anyio_backend_options, cache, capfd, capfdbinary, caplog, capsys, capsysbinary, capteesys, doctest_namespace, event_loop_policy, free_tcp_port, free_tcp_port_factory, free_udp_port, free_udp_port_factory, mock_openai_client, monkeypatch, pytestconfig, record_property, record_testsuite_property, record_xml_attribute, recwarn, sample_first_message_payload, sample_followup_payload, subtests, tmp_path, tmp_path_factory, tmpdir, tmpdir_factory, unused_tcp_port, unused_tcp_port_factory, unused_udp_port, unused_udp_port_factory
>       use 'pytest --fixtures [testpath]' for help on them.

C:\Users\shubh\programming\guvi-hcl\honeypot-agent\tests\conftest.py:16
____________________ ERROR at setup of test_not_scam_flow _____________________
file C:\Users\shubh\programming\guvi-hcl\honeypot-agent\tests\test_api.py, line 64
  @pytest.mark.asyncio
  async def test_not_scam_flow(sample_first_message_payload, mocker):
      mocker.patch("app.services.scam_detector.ScamDetector.detect", return_value=False)

      response = client.post(
          "/chat",
          json=sample_first_message_payload,
          headers={"x-api-key": "test-secret-key"}
      )

      assert response.status_code == 200
      assert response.json()["status"] == "ignored"
E       fixture 'mocker' not found
>       available fixtures: _class_scoped_runner, _function_scoped_runner, _module_scoped_runner, _package_scoped_runner, _session_scoped_runner, anyio_backend, anyio_backend_name, anyio_backend_options, cache, capfd, capfdbinary, caplog, capsys, capsysbinary, capteesys, doctest_namespace, event_loop_policy, free_tcp_port, free_tcp_port_factory, free_udp_port, free_udp_port_factory, mock_openai_client, monkeypatch, pytestconfig, record_property, record_testsuite_property, record_xml_attribute, recwarn, sample_first_message_payload, sample_followup_payload, subtests, tmp_path, tmp_path_factory, tmpdir, tmpdir_factory, unused_tcp_port, unused_tcp_port_factory, unused_udp_port, unused_udp_port_factory
>       use 'pytest --fixtures [testpath]' for help on them.

C:\Users\shubh\programming\guvi-hcl\honeypot-agent\tests\test_api.py:64
__________________ ERROR at setup of test_reporting_trigger ___________________
file C:\Users\shubh\programming\guvi-hcl\honeypot-agent\tests\test_api.py, line 77
  @pytest.mark.asyncio
  async def test_reporting_trigger(sample_followup_payload, mocker):
      # Follow-up -> Scam assumed True by default in code logic for existing history
      mocker.patch("app.services.agent_engine.AgentEngine.generate_reply", return_value="Here is UPI")

      # Simulate finding intelligence
      intel_data = {"upiIds": ["bad@upi"], "bankAccounts": []}
      mocker.patch("app.services.intelligence_extractor.IntelligenceExtractor.extract", return_value=intel_data)

      mock_report = mocker.patch("app.services.reporting.ReportingService.report")

      response = client.post(
          "/chat",
          json=sample_followup_payload,
          headers={"x-api-key": "test-secret-key"}
      )

      assert response.status_code == 200

      # Should trigger report because intel was found
      mock_report.assert_called_once()
      args, _ = mock_report.call_args
      assert args[3] == intel_data  # intelligence arg
E       fixture 'mocker' not found
>       available fixtures: _class_scoped_runner, _function_scoped_runner, _module_scoped_runner, _package_scoped_runner, _session_scoped_runner, anyio_backend, anyio_backend_name, anyio_backend_options, cache, capfd, capfdbinary, caplog, capsys, capsysbinary, capteesys, doctest_namespace, event_loop_policy, free_tcp_port, free_tcp_port_factory, free_udp_port, free_udp_port_factory, mock_openai_client, monkeypatch, pytestconfig, record_property, record_testsuite_property, record_xml_attribute, recwarn, sample_first_message_payload, sample_followup_payload, subtests, tmp_path, tmp_path_factory, tmpdir, tmpdir_factory, unused_tcp_port, unused_tcp_port_factory, unused_udp_port, unused_udp_port_factory
>       use 'pytest --fixtures [testpath]' for help on them.

C:\Users\shubh\programming\guvi-hcl\honeypot-agent\tests\test_api.py:77
================================== FAILURES ===================================
______________________________ test_auth_missing ______________________________

    def test_auth_missing():
        response = client.post("/chat", json={})
>       assert response.status_code == 422  # Validation error first, but auth is checked
        ^^^^^^^^^^^^^^^^^^^^^^^^^^^^^^^^^^
E       assert 403 == 422
E        +  where 403 = <Response [403 Forbidden]>.status_code

tests\test_api.py:16: AssertionError
=========================== short test summary info ===========================
FAILED tests/test_api.py::test_auth_missing - assert 403 == 422
ERROR tests/test_api.py::test_scam_detected_flow
ERROR tests/test_api.py::test_not_scam_flow
ERROR tests/test_api.py::test_reporting_trigger
==================== 1 failed, 2 passed, 3 errors in 0.40s ====================
